[0m[1;38;5;1;1merror: [0m<mo_yanxi.utility> missing std dependency for module mo_yanxi.open_addr_hash_map[0m
[0m[1;38;5;3;1mwarning: [38;5;3;1mstd and std.compat modules not found! maybe try to add --sdk=<PATH/TO/LLVM> or install libc++[0m
